// Jest Snapshot v1, https://goo.gl/fbAQLP

exports[`Button should render empty button correctly 1`] = `<ScalenumenButton />`;

exports[`Button should render special styles 1`] = `ReactWrapper {}`;

exports[`Button should render special styles 2`] = `
<ScalenumenButton
  loading={true}
>
  button
</ScalenumenButton>
`;
